[templates.envytheme.com/plonk/default/pricing.html]
[templates.envytheme.com/plonk/default/assets/css/bootstrap.min.css]
[templates.envytheme.com/plonk/default/assets/css/animate.min.css]
[templates.envytheme.com/plonk/default/assets/css/meanmenu.css]
[templates.envytheme.com/plonk/default/assets/css/boxicons.min.css]
[templates.envytheme.com/plonk/default/assets/css/flaticon.css]
[templates.envytheme.com/plonk/default/assets/css/odometer.min.css]
[templates.envytheme.com/plonk/default/assets/css/slick.min.css]
[templates.envytheme.com/plonk/default/assets/css/owl.carousel.min.css]
[templates.envytheme.com/plonk/default/assets/css/owl.theme.default.min.css]
[templates.envytheme.com/plonk/default/assets/css/magnific-popup.min.css]
[templates.envytheme.com/plonk/default/assets/css/style.css]
[templates.envytheme.com/plonk/default/assets/css/dark.css]
[backblue.gif]
[fade.gif]
[index.html]
[templates.envytheme.com/plonk/default/assets/css/responsive.css]
[templates.envytheme.com/plonk/default/assets/images/favicon.png]
[templates.envytheme.com/plonk/default/index.html]
[templates.envytheme.com/plonk/default/assets/images/logo.png]
[templates.envytheme.com/plonk/default/assets/images/white-logo.png]
[templates.envytheme.com/plonk/default/index-2.html]
[templates.envytheme.com/plonk/default/index-3.html]
[templates.envytheme.com/plonk/default/about.html]
[templates.envytheme.com/plonk/default/events.html]
[templates.envytheme.com/plonk/default/schedules.html]
[templates.envytheme.com/plonk/default/venue.html]
[templates.envytheme.com/plonk/default/events-details.html]
[templates.envytheme.com/plonk/default/speakers.html]
[templates.envytheme.com/plonk/default/speakers-details.html]
[templates.envytheme.com/plonk/default/products-grid.html]
[templates.envytheme.com/plonk/default/cart.html]
[templates.envytheme.com/plonk/default/checkout.html]
[templates.envytheme.com/plonk/default/products-details.html]
[templates.envytheme.com/plonk/default/gallery.html]
[templates.envytheme.com/plonk/default/faq.html]
[templates.envytheme.com/plonk/default/sponsors.html]
[templates.envytheme.com/plonk/default/login.html]
[templates.envytheme.com/plonk/default/register.html]
[templates.envytheme.com/plonk/default/privacy-policy.html]
[templates.envytheme.com/plonk/default/terms-of-service.html]
[templates.envytheme.com/plonk/default/error-404.html]
[templates.envytheme.com/plonk/default/coming-soon.html]
[templates.envytheme.com/plonk/default/blog.html]
[templates.envytheme.com/plonk/default/blog-style-two.html]
[templates.envytheme.com/plonk/default/blog-right-sidebar.html]
[templates.envytheme.com/plonk/default/blog-details.html]
[templates.envytheme.com/plonk/default/contact.html]
[templates.envytheme.com/cdn-cgi/scripts/5c5dd728/cloudflare-static/email-decode.min.js]
[templates.envytheme.com/plonk/default/assets/js/jquery.min.js]
[templates.envytheme.com/plonk/default/assets/js/bootstrap.bundle.min.js]
[templates.envytheme.com/plonk/default/assets/js/jquery.meanmenu.js]
[templates.envytheme.com/plonk/default/assets/js/owl.carousel.min.js]
[templates.envytheme.com/plonk/default/assets/js/jquery.appear.js]
[templates.envytheme.com/plonk/default/assets/js/odometer.min.js]
[templates.envytheme.com/plonk/default/assets/js/slick.min.js]
[templates.envytheme.com/plonk/default/assets/js/jquery.magnific-popup.min.js]
[templates.envytheme.com/plonk/default/assets/js/jquery.ajaxchimp.min.js]
[templates.envytheme.com/plonk/default/assets/js/form-validator.min.js]
[templates.envytheme.com/plonk/default/assets/js/contact-form-script.js]
[templates.envytheme.com/plonk/default/assets/js/wow.min.js]
[templates.envytheme.com/plonk/default/pricing.html]
[templates.envytheme.com/plonk/default/assets/css/bootstrap.min.css]
[templates.envytheme.com/plonk/default/assets/css/animate.min.css]
[templates.envytheme.com/plonk/default/assets/css/meanmenu.css]
[templates.envytheme.com/plonk/default/assets/js/main.js]
[templates.envytheme.com/plonk/default/assets/fonts/boxicons.woff2]
[templates.envytheme.com/plonk/default/assets/fonts/boxicons.eot]
[templates.envytheme.com/plonk/default/assets/fonts/boxicons.woff]
[templates.envytheme.com/plonk/default/assets/fonts/boxicons.ttf]
[templates.envytheme.com/plonk/default/assets/css/boxicons.min.css]
[templates.envytheme.com/plonk/default/assets/fonts/flaticon66e1.ttf]
[templates.envytheme.com/plonk/default/assets/fonts/boxiconsd41d.svg]
[templates.envytheme.com/plonk/default/assets/fonts/flaticon66e1.woff]
[templates.envytheme.com/plonk/default/assets/fonts/flaticon66e1.woff2]
[templates.envytheme.com/plonk/default/assets/fonts/flaticon66e1.eot]
[templates.envytheme.com/plonk/default/assets/css/flaticon.css]
[templates.envytheme.com/plonk/default/assets/css/odometer.min.css]
[templates.envytheme.com/plonk/default/assets/css/slick.min.css]
[templates.envytheme.com/plonk/default/assets/fonts/flaticon66e1.svg]
[templates.envytheme.com/plonk/default/assets/css/owl.video.play.png]
[templates.envytheme.com/plonk/default/assets/css/owl.carousel.min.css]
[templates.envytheme.com/plonk/default/assets/css/owl.theme.default.min.css]
[templates.envytheme.com/plonk/default/assets/css/magnific-popup.min.css]
[templates.envytheme.com/plonk/default/assets/images/main-slides/slides-bg-1.jpg]
[templates.envytheme.com/plonk/default/assets/images/main-slides/slides-bg-2.jpg]
[templates.envytheme.com/plonk/default/assets/images/main-slides/slides-bg-3.jpg]
[templates.envytheme.com/plonk/default/assets/images/main-banner/banner-bg.jpg]
[templates.envytheme.com/plonk/default/assets/images/main-banner/banner-bg-2.jpg]
[templates.envytheme.com/plonk/default/assets/images/intro.jpg]
[templates.envytheme.com/plonk/default/assets/images/experience.jpg]
[templates.envytheme.com/plonk/default/assets/images/experience-bg.jpg]
[templates.envytheme.com/plonk/default/assets/images/coming-soon-bg.jpg]
[templates.envytheme.com/plonk/default/assets/images/pricing-bg.jpg]
[templates.envytheme.com/plonk/default/assets/images/testimonial/bg-1.jpg]
[templates.envytheme.com/plonk/default/assets/images/testimonial/bg-2.jpg]
[templates.envytheme.com/plonk/default/assets/images/blog/blog-2.jpg]
[templates.envytheme.com/plonk/default/assets/images/blog/blog-3.jpg]
[templates.envytheme.com/plonk/default/assets/images/blog/blog-4.jpg]
[templates.envytheme.com/plonk/default/assets/images/blog/blog-5.jpg]
[templates.envytheme.com/plonk/default/assets/images/overview-bg.jpg]
[templates.envytheme.com/plonk/default/assets/images/page-banner-bg.jpg]
[templates.envytheme.com/plonk/default/assets/images/blog/blog-1.jpg]
[templates.envytheme.com/plonk/default/assets/images/footer-bg.jpg]
[templates.envytheme.com/plonk/default/assets/css/style.css]
[i.ibb.co/FxzBYR9/night.png]
[i.ibb.co/7JfqXxB/sunny.png]
[templates.envytheme.com/plonk/default/assets/css/dark.css]
[templates.envytheme.com/plonk/default/assets/css/responsive.css]
[templates.envytheme.com/plonk/default/assets/images/events-schedules/events-1.jpg]
[templates.envytheme.com/plonk/default/assets/images/events-schedules/image-1.jpg]
[templates.envytheme.com/plonk/default/assets/images/events-schedules/events-2.jpg]
[templates.envytheme.com/plonk/default/assets/images/events-schedules/image-2.jpg]
[templates.envytheme.com/plonk/default/assets/images/events-schedules/events-3.jpg]
[templates.envytheme.com/plonk/default/assets/images/events-schedules/image-3.jpg]
[templates.envytheme.com/plonk/default/assets/images/speakers/speakers-1.jpg]
[templates.envytheme.com/plonk/default/assets/images/speakers/speakers-2.jpg]
[templates.envytheme.com/plonk/default/assets/images/speakers/speakers-3.jpg]
[templates.envytheme.com/plonk/default/assets/images/speakers/speakers-4.jpg]
[templates.envytheme.com/plonk/default/assets/images/benefits/benefits-1.png]
[templates.envytheme.com/plonk/default/assets/images/benefits/benefits-2.png]
[templates.envytheme.com/plonk/default/assets/images/benefits/benefits-3.png]
[templates.envytheme.com/plonk/default/assets/images/benefits/benefits-4.png]
[templates.envytheme.com/plonk/default/assets/images/testimonial/image-1.jpg]
[templates.envytheme.com/plonk/default/assets/images/testimonial/image-2.jpg]
[templates.envytheme.com/plonk/default/assets/images/testimonial/image-3.jpg]
[templates.envytheme.com/plonk/default/assets/images/testimonial/image-4.jpg]
[templates.envytheme.com/plonk/default/assets/images/blog/image-1.jpg]
[templates.envytheme.com/plonk/default/author.html]
[templates.envytheme.com/plonk/default/assets/images/blog/image-2.jpg]
[templates.envytheme.com/plonk/default/assets/images/blog/image-3.jpg]
[templates.envytheme.com/plonk/default/index.html]
[templates.envytheme.com/plonk/default/assets/images/main-banner/banner-1.png]
[templates.envytheme.com/plonk/default/assets/images/benefits/benefits-5.png]
[templates.envytheme.com/plonk/default/assets/images/benefits/benefits-6.png]
[templates.envytheme.com/plonk/default/assets/images/benefits/benefits-7.png]
[templates.envytheme.com/plonk/default/assets/images/benefits/benefits-8.png]
[templates.envytheme.com/plonk/default/assets/images/speakers/speakers-5.jpg]
[templates.envytheme.com/plonk/default/assets/images/speakers/speakers-6.jpg]
[templates.envytheme.com/plonk/default/assets/images/blog/blog-large-1.jpg]
[templates.envytheme.com/plonk/default/index-2.html]
[templates.envytheme.com/plonk/default/assets/images/main-banner/banner-2.jpg]
[templates.envytheme.com/plonk/default/assets/images/about/about-1.jpg]
[templates.envytheme.com/plonk/default/assets/images/about/about-2.jpg]
[templates.envytheme.com/plonk/default/assets/images/events-schedules/image-4.jpg]
[templates.envytheme.com/plonk/default/assets/images/events-schedules/image-5.jpg]
[templates.envytheme.com/plonk/default/assets/images/partner/partner-1.png]
[templates.envytheme.com/plonk/default/assets/images/partner/partner-2.png]
[templates.envytheme.com/plonk/default/assets/images/partner/partner-3.png]
[templates.envytheme.com/plonk/default/assets/images/partner/partner-4.png]
[templates.envytheme.com/plonk/default/assets/images/partner/partner-5.png]
[templates.envytheme.com/plonk/default/assets/images/video.jpg]
[templates.envytheme.com/plonk/default/index-3.html]
[templates.envytheme.com/plonk/default/about.html]
[templates.envytheme.com/plonk/default/assets/images/events-schedules/events-4.jpg]
[templates.envytheme.com/plonk/default/assets/images/events-schedules/events-5.jpg]
[templates.envytheme.com/plonk/default/assets/images/events-schedules/events-6.jpg]
[templates.envytheme.com/plonk/default/events.html]
[templates.envytheme.com/plonk/default/schedules.html]
[templates.envytheme.com/plonk/default/assets/images/venue/venue-1.jpg]
[templates.envytheme.com/plonk/default/assets/images/venue/venue-2.jpg]
[templates.envytheme.com/plonk/default/assets/images/venue/venue-3.jpg]
[templates.envytheme.com/plonk/default/assets/images/venue/venue-4.jpg]
[templates.envytheme.com/plonk/default/assets/images/venue/venue-5.jpg]
[templates.envytheme.com/plonk/default/assets/images/venue/venue-6.jpg]
[templates.envytheme.com/plonk/default/venue.html]
[templates.envytheme.com/plonk/default/assets/images/event-details.jpg]
[templates.envytheme.com/plonk/default/events-details.html]
[templates.envytheme.com/plonk/default/speakers.html]
[templates.envytheme.com/plonk/default/assets/images/speakers-details.jpg]
[templates.envytheme.com/plonk/default/speakers-details.html]
[templates.envytheme.com/plonk/default/assets/images/products/products-1.jpg]
[templates.envytheme.com/plonk/default/assets/images/products/products-2.jpg]
[templates.envytheme.com/plonk/default/assets/images/products/products-3.jpg]
[templates.envytheme.com/plonk/default/assets/images/products/products-4.jpg]
[templates.envytheme.com/plonk/default/assets/images/products/products-5.jpg]
[templates.envytheme.com/plonk/default/assets/images/products/products-6.jpg]
[templates.envytheme.com/plonk/default/products-grid.html]
[templates.envytheme.com/plonk/default/cart.html]
[templates.envytheme.com/plonk/default/checkout.html]
[templates.envytheme.com/plonk/default/products-details.html]
[templates.envytheme.com/plonk/default/assets/images/gallery/gallery-1.jpg]
[templates.envytheme.com/plonk/default/assets/images/gallery/icon.png]
[templates.envytheme.com/plonk/default/assets/images/gallery/gallery-2.jpg]
[templates.envytheme.com/plonk/default/assets/images/gallery/gallery-3.jpg]
[templates.envytheme.com/plonk/default/assets/images/gallery/gallery-4.jpg]
[templates.envytheme.com/plonk/default/assets/images/gallery/gallery-5.jpg]
[templates.envytheme.com/plonk/default/gallery.html]
[templates.envytheme.com/plonk/default/faq.html]
[templates.envytheme.com/plonk/default/assets/images/partner/partner-6.png]
[templates.envytheme.com/plonk/default/assets/images/partner/partner-7.png]
[templates.envytheme.com/plonk/default/sponsors.html]
[templates.envytheme.com/plonk/default/login.html]
[templates.envytheme.com/plonk/default/register.html]
[templates.envytheme.com/plonk/default/privacy-policy.html]
[templates.envytheme.com/plonk/default/terms-of-service.html]
[templates.envytheme.com/plonk/default/assets/images/404.png]
[templates.envytheme.com/plonk/default/error-404.html]
[templates.envytheme.com/plonk/default/coming-soon.html]
[templates.envytheme.com/plonk/default/assets/images/blog/image-4.jpg]
[templates.envytheme.com/plonk/default/assets/images/blog/blog-6.jpg]
[templates.envytheme.com/plonk/default/blog.html]
[templates.envytheme.com/plonk/default/assets/images/blog/blog-large-2.jpg]
[templates.envytheme.com/plonk/default/blog-style-two.html]
[templates.envytheme.com/plonk/default/assets/images/widget-information.jpg]
[templates.envytheme.com/plonk/default/blog-right-sidebar.html]
[templates.envytheme.com/plonk/default/assets/images/blog-details.jpg]
[templates.envytheme.com/plonk/default/blog-details.html]
[templates.envytheme.com/plonk/default/contact.html]
[templates.envytheme.com/plonk/default/assets/fonts/boxiconsd41d.svg]
[templates.envytheme.com/plonk/default/assets/fonts/flaticon66e1.svg]
[templates.envytheme.com/plonk/default/assets/css/owl.video.play.html]
[templates.envytheme.com/plonk/default/author.html]
